<html>
<body>
<pre>
<h1>킮ision Build Log</h1>
<h2>Project:</h2>
C:\Users\dk272\Desktop\음\대학교\수업\마프설\Project_4조_Source\Intersection\Lab6.uvproj
Project File Date:  11/29/2023

<h2>Output:</h2>
Build target 'Lab6'
compiling BranchingFunctionsDelays.c...
BranchingFunctionsDelays.c(107): warning:  #111-D: statement is unreachable
         H = 80000 - L;
BranchingFunctionsDelays.c(108): warning:  #1-D: last line of file ends without a newline
     }
BranchingFunctionsDelays.c: 2 warnings, 0 errors
compiling SysTick.c...
linking...
Program Size: Code=3836 RO-data=5996 RW-data=76 ZI-data=1756  
".\Lab6.axf" - 0 Error(s), 2 Warning(s).
</pre>
</body>
</html>
