<html>
<body>
<pre>
<h1>킮ision Build Log</h1>
<h2>Project:</h2>
C:\Users\dk272\Desktop\음\대학교\수업\4학년\1학기\캡스톤디자인\마프설\프랩(마프설)\Lab13.uvproj
Project File Date:  04/01/2024

<h2>Output:</h2>
Build target 'Lab13'
compiling DC_motor.c...
DC_motor.h(10): warning:  #1-D: last line of file ends without a newline
  void Motor_start(void);
sonic.h(8): warning:  #1-D: last line of file ends without a newline
  unsigned long Get_data(void);
DC_motor.c(101): warning:  #1-D: last line of file ends without a newline
  }
DC_motor.c: 3 warnings, 0 errors
compiling Line_tracer.c...
TExaS2.h(23): warning:  #1-D: last line of file ends without a newline
  void TExaS_Stop(void);
DC_motor.h(10): warning:  #1-D: last line of file ends without a newline
  void Motor_start(void);
sonic.h(8): warning:  #1-D: last line of file ends without a newline
  unsigned long Get_data(void);
Line_tracer.c(116): warning:  #1-D: last line of file ends without a newline
  }
Line_tracer.c: 4 warnings, 0 errors
linking...
Program Size: Code=8912 RO-data=9356 RW-data=184 ZI-data=1816  
".\Lab13.axf" - 0 Error(s), 7 Warning(s).
</pre>
</body>
</html>
