<html>
<body>
<pre>
<h1>킮ision Build Log</h1>
<h2>Project:</h2>
C:\Users\dk272\Desktop\음\대학교\수업\마프설\Project_4조_Source\Servomotor(systick)\Lab6.uvproj
Project File Date:  11/29/2023

<h2>Output:</h2>
Build target 'Lab6'
compiling BranchingFunctionsDelays.c...
BranchingFunctionsDelays.c(115): warning:  #1-D: last line of file ends without a newline
  }
BranchingFunctionsDelays.c: 1 warning, 0 errors
linking...
Program Size: Code=3608 RO-data=5996 RW-data=68 ZI-data=1756  
".\Lab6.axf" - 0 Error(s), 1 Warning(s).
</pre>
</body>
</html>
