<html>
<body>
<pre>
<h1>킮ision Build Log</h1>
<h2>Project:</h2>
C:\Users\dk272\Desktop\음\대학교\수업\마프설\Project_4조_Source\Final_code\Lab6.uvproj
Project File Date:  11/29/2023

<h2>Output:</h2>
Build target 'Lab6'
linking...
Program Size: Code=3924 RO-data=5996 RW-data=88 ZI-data=1752  
".\Lab6.axf" - 0 Error(s), 0 Warning(s).
</pre>
</body>
</html>
ngFunctionsDelays.c: 1 warning, 0 errors
linking...
Program Size: Code=3924 RO-data=5996 RW-data=88 ZI-data=1752  
".\Lab6.axf" - 0 Error(s), 1 Warning(s).
nctionsdelays.o).
Not enough information to list image symbols.
Finished: 1 information, 0 warning and 1 error messages.
".\Lab6.axf" - 1 Error(s), 1 Warning(s).
Target not created
