<html>
<body>
<pre>
<h1>킮ision Build Log</h1>
<h2>Project:</h2>
C:\Users\dk272\Desktop\음\대학교\수업\마프설\Project_4조_Source\Ultrasonic_sensor\Lab5.uvproj
Project File Date:  11/27/2023

<h2>Output:</h2>
Build target 'FunctionsInC'
compiling UART.c...
compiling main.c...
main.c(146): warning:  #1-D: last line of file ends without a newline
  }
main.c: 1 warning, 0 errors
linking...
Program Size: Code=3520 RO-data=776 RW-data=64 ZI-data=1856  
".\FunctionsInC.axf" - 0 Error(s), 1 Warning(s).
</pre>
</body>
</html>
